MPLINK 5.09, LINKER
Linker Map File - Created Wed Mar 13 10:05:42 2024

                                 Section Info
                  Section       Type    Address   Location Size(Bytes)
                ---------  ---------  ---------  ---------  ---------
                   .org_0       code   0x000000    program   0x000028
                   .cinit    romdata   0x000014    program   0x000004
.config_2007_BUILD/DEFAULT/PRODUCTION/MAIN.O       code   0x002007    program   0x000002



                              Program Memory Usage 
                               Start         End      
                           ---------   ---------      
                            0x000000    0x000015      
                            0x002007    0x002007      
            23 out of 1094 program addresses used, program memory utilization is 2%



                              Symbols - Sorted by Name
                     Name    Address   Location    Storage File                     
                ---------  ---------  ---------  --------- ---------                
        DESPLAZAR_DERECHA   0x00000c    program     static C:\Users\Jenni Almaraz\MPLABXProjects\RecorrerBit.X\main.asm
      DESPLAZAR_IZQUIERDA   0x000010    program     static C:\Users\Jenni Almaraz\MPLABXProjects\RecorrerBit.X\main.asm
                   INICIO   0x000007    program     static C:\Users\Jenni Almaraz\MPLABXProjects\RecorrerBit.X\main.asm



                              Symbols - Sorted by Address
                     Name    Address   Location    Storage File                     
                ---------  ---------  ---------  --------- ---------                
                   INICIO   0x000007    program     static C:\Users\Jenni Almaraz\MPLABXProjects\RecorrerBit.X\main.asm
        DESPLAZAR_DERECHA   0x00000c    program     static C:\Users\Jenni Almaraz\MPLABXProjects\RecorrerBit.X\main.asm
      DESPLAZAR_IZQUIERDA   0x000010    program     static C:\Users\Jenni Almaraz\MPLABXProjects\RecorrerBit.X\main.asm


